\BOOKMARK [1][]{Outline1}{\376\377\000N\036\301\000n\000\040\000t\036\243\000n\000g\000\040\000\046\000\040\000R\000e\000n\000d\000e\000r}{}% 1
\BOOKMARK [2][]{Outline1.1}{\376\377\000N\036\301\000n\000\040\000t\036\243\000n\000g\000:\000\040\0003\000D\000\040\000G\000a\000u\000s\000s\000i\000a\000n\000\040\000l\000\340\000\040\000g\000\354}{Outline1}% 2
\BOOKMARK [2][]{Outline1.2}{\376\377\000S\000p\000h\000e\000r\000i\000c\000a\000l\000\040\000H\000a\000r\000m\000o\000n\000i\000c\000s\000\040\000t\000r\000o\000n\000g\000\040\000S\000A\000D\000G\000S\000\040\000\050\000\040\000e\000x\000t\000t\000t\000u\000t\000i\000l\000s\000/\000s\000h\000\137\000u\000t\000i\000l\000s\000.\000p\000y\000\051}{Outline1}% 3
\BOOKMARK [2][]{Outline1.3}{\376\377\000C\000h\000i\036\277\000u\000\040\000p\000h\036\321\000i\000\040\000c\036\243\000n\000h\000\040\000\046\000\040\000R\000a\000s\000t\000e\000r\000i\000z\000e\000r\000\040\000k\000h\036\243\000\040\000v\000i}{Outline1}% 4
\BOOKMARK [1][]{Outline2}{\376\377\000L\000o\000s\000s\000,\000\040\000G\000r\000a\000d\000i\000e\000n\000t\000\040\000\046\000\040\000O\000p\000t\000i\000m\000i\000z\000e\000r}{}% 5
\BOOKMARK [2][]{Outline2.4}{\376\377\000L\000o\000s\000s\000,\000\040\000G\000r\000a\000d\000i\000e\000n\000t\000\040\000\046\000\040\000O\000p\000t\000i\000m\000i\000z\000e\000r}{Outline2}% 6
\BOOKMARK [1][]{Outline3}{\376\377\000A\000d\000a\000p\000t\000i\000v\000e\000\040\000D\000e\000n\000s\000i\000t\000y\000\040\000C\000o\000n\000t\000r\000o\000l}{}% 7
\BOOKMARK [2][]{Outline3.5}{\376\377\000A\000D\000C\000\040\040\024\000\040\000T\036\325\000n\000g\000\040\000q\000u\000a\000n}{Outline3}% 8
\BOOKMARK [2][]{Outline3.6}{\376\377\000A\000D\000C\000\040\000P\0001\000:\000\040\000S\000a\000i\000\040\000s\036\321\000\040\036\243\000n\000h\000\040\000\046\000\040\000t\000\355\000n\000\040\000h\000i\036\307\000u\000\040\000p\000i\000x\000e\000l}{Outline3}% 9
\BOOKMARK [2][]{Outline3.7}{\376\377\000A\000D\000C\000\040\000P\0004\000:\000\040\000G\000r\000a\000d\000i\000e\000n\000t\000\040\000C\000a\000n\000c\000e\000l\000l\000a\000t\000i\000o\000n\000\040\000\046\000\040\000q\000u\000y\036\277\000t\000\040\001\021\036\313\000n\000h\000\040\000C\000l\000o\000n\000e\000/\000S\000p\000l\000i\000t}{Outline3}% 10
\BOOKMARK [2][]{Outline3.8}{\376\377\000A\000D\000C\000\040\000P\0005\000:\000\040\000T\000r\036\315\000n\000g\000\040\000s\036\321\000,\000\040\000M\000u\000l\000t\000i\000n\000o\000m\000i\000a\000l\000\040\000R\000e\000s\000a\000m\000p\000l\000e\000\040\000\046\000\040\000O\000p\000a\000c\000i\000t\000y\000\040\000R\000e\000s\000e\000t}{Outline3}% 11
\BOOKMARK [2][]{Outline3.9}{\376\377\000A\000D\000C\000\040\000P\0006\000:\000\040\000T\000o\000y\000\040\000M\000o\000d\000e\000l\000\040\0002\000D\000\040\000\050\000c\000\363\000\040\000A\000D\000C\000\040\000v\000s\000\040\000k\000h\000\364\000n\000g\000\040\000A\000D\000C\000\051}{Outline3}% 12
\BOOKMARK [2][]{Outline3.10}{\376\377\000A\000D\000C\000\040\000P\0007\000:\000\040\000S\000o\000\040\000s\000\341\000n\000h\000\040\000c\000u\036\321\000i\000\040\0003\000D\000G\000S\000\040\000v\000s\000\040\000S\000A\000D\000G\000S}{Outline3}% 13
\BOOKMARK [2][]{Outline3.11}{\376\377\000A\000D\000C\000\040\040\024\000\040\000C\001\241\000\040\000c\000h\036\277\000\040\000t\000h\000e\000o\000\040\000d\000\362\000n\000g\000\040\000t\000h\036\335\000i\000\040\000g\000i\000a\000n}{Outline3}% 14
\BOOKMARK [1][]{Outline4}{\376\377\000S\000A\000D\000G\000S\000\040\040\024\000\040\000C\001\241\000\040\000c\000h\036\277}{}% 15
\BOOKMARK [2][]{Outline4.12}{\376\377\000S\000A\000D\000G\000S\000\040\000T\000e\000a\000s\000e\000r\000:\000\040\000T\036\325\000n\000g\000\040\000q\000u\000a\000n\000\040\000t\000r\036\361\000c\000\040\000q\000u\000a\000n}{Outline4}% 16
\BOOKMARK [2][]{Outline4.13}{\376\377\000S\000A\000D\000G\000S\000\040\000B\0000\0000\000:\000\040\000B\036\243\000n\000\040\001\021\036\323\000\040\000t\000o\000\340\000n\000\040\000t\000u\000y\036\277\000n\000\040\000\050\000S\000t\000r\000u\000c\000t\000u\000r\000e\000\040\000T\000e\000n\000s\000o\000r\000\040\000\040\000A\000D\000C\000\051}{Outline4}% 17
\BOOKMARK [2][]{Outline4.14}{\376\377\000S\000A\000D\000G\000S\000\040\000\050\000S\000I\000G\000G\000R\000A\000P\000H\000\040\0002\0000\0002\0006\000\051\000:\000\040\000S\000t\000r\000u\000c\000t\000u\000r\000e\000-\000A\000w\000a\000r\000e\000\040\000D\000e\000n\000s\000i\000f\000i\000c\000a\000t\000i\000o\000n}{Outline4}% 18
\BOOKMARK [2][]{Outline4.15}{\376\377\000S\000A\000D\000G\000S\000\040\000B\0000\0001\000:\000\040\000S\000t\000r\000u\000c\000t\000u\000r\000e\000\040\000T\000e\000n\000s\000o\000r\000\040\000\046\000\040\000c\036\245\000u\000\040\000t\000r\000\372\000c\000\040\036\243\000n\000h\000\040\001\021\000a\000\040\000t\036\311\000\040\000l\036\307}{Outline4}% 19
\BOOKMARK [2][]{Outline4.16}{\376\377\000S\000A\000D\000G\000S\000\040\000B\0000\0002\000:\000\040\000C\000h\000i\036\277\000u\000\040\000t\000r\036\345\000c\000\040\000G\000a\000u\000s\000s\000i\000a\000n\000\040\000\046\000\040\000t\036\311\000\040\000s\036\321\000\040}{Outline4}% 20
\BOOKMARK [2][]{Outline4.17}{\376\377\000S\000A\000D\000G\000S\000\040\000B\0000\0003\000:\000\040\000T\000h\036\321\000n\000g\000\040\000k\000\352\000\040\000\040\000o\000n\000l\000i\000n\000e\000\040\001\021\000a\000\040\000v\000i\000e\000w}{Outline4}% 21
\BOOKMARK [2][]{Outline4.18}{\376\377\000S\000A\000D\000G\000S\000\040\000B\0000\0004\000:\000\040\000A\000n\000i\000s\000o\000t\000r\000o\000p\000i\000c\000\040\000S\000p\000l\000i\000t\000\040\040\024\000\040\000d\000e\000n\000s\000i\000f\000y\000\137\000a\000n\000d\000\137\000s\000p\000l\000i\000t\000\137\000s\000t\000r\000u\000c\000t\000g\000s}{Outline4}% 22
\BOOKMARK [2][]{Outline4.19}{\376\377\000S\000A\000D\000G\000S\000\040\000B\0000\0005\000:\000\040\000C\000l\000o\000n\000e\000\040\000\046\000\040\000g\000h\000\351\000p\000\040\000t\000e\000n\000s\000o\000r\000\040\000v\000\340\000o\000\040\000O\000p\000t\000i\000m\000i\000z\000e\000r}{Outline4}% 23
\BOOKMARK [2][]{Outline4.20}{\376\377\000S\000A\000D\000G\000S\000\040\000B\0000\0006\000:\000\040\000e\000x\000p\000a\000n\000d\000\137\000u\000n\000d\000e\000r\000s\000i\000z\000e\000d\000\137\000g\000s}{Outline4}% 24
\BOOKMARK [2][]{Outline4.21}{\376\377\000S\000A\000D\000G\000S\000\040\000B\0000\0007\000:\000\040\000V\000\362\000n\000g\000\040\000D\000e\000n\000s\000i\000f\000y\000+\000P\000r\000u\000n\000e\000\040\000h\036\343\000p\000\040\000n\000h\036\245\000t}{Outline4}% 25
\BOOKMARK [2][]{Outline4.22}{\376\377\000S\000A\000D\000G\000S\000\040\000B\0000\0008\000:\000\040\000f\000i\000n\000a\000l\000\137\000p\000r\000u\000n\000e\000\137\000s\000t\000r\000u\000c\000t\000g\000s\000\040\000\046\000\040\000M\000u\000l\000t\000i\000v\000i\000e\000w\000\040\000C\000o\000n\000s\000i\000s\000t\000e\000n\000c\000y}{Outline4}% 26
\BOOKMARK [2][]{Outline4.23}{\376\377\000S\000A\000D\000G\000S\000\040\000B\0000\0009\000:\000\040\000O\000p\000t\000i\000m\000i\000z\000e\000r\000,\000\040\000L\000R\000\040\000S\000c\000h\000e\000d\000u\000l\000e\000\040\000\046\000\040\000O\000p\000a\000c\000i\000t\000y\000\040\000R\000e\000s\000e\000t}{Outline4}% 27
\BOOKMARK [2][]{Outline4.24}{\376\377\000S\000A\000D\000G\000S\000\040\000B\0001\0000\000:\000\040\000B\036\331\000\040\000l\036\315\000c\000\040\0003\000D\000\040\000c\000h\036\321\000n\000g\000\040\000a\000l\000i\000a\000s\000\040\000\050\000N\000y\000q\000u\000i\000s\000t\000\051}{Outline4}% 28
\BOOKMARK [2][]{Outline4.25}{\376\377\000S\000A\000D\000G\000S\000\040\000B\0001\0001\000:\000\040\000H\000\340\000m\000\040\000m\036\245\000t\000\040\000m\000\341\000t\000\040\040\024\000\040\000L\0001\000,\000\040\000S\000S\000I\000M\000,\000\040\000T\000o\000n\000e\000-\000c\000u\000r\000v\000e\000,\000\040\000F\000r\000e\000q\000u\000e\000n\000c\000y}{Outline4}% 29
\BOOKMARK [2][]{Outline4.26}{\376\377\000S\000A\000D\000G\000S\000\040\000B\0001\0002\000:\000\040\000C\000h\036\315\000n\000\040\000m\036\253\000u\000\040\000C\000a\000m\000e\000r\000a\000\040\000\050\000F\000P\000S\000\051\000\040\000\046\000\040\000l\036\245\000y\000\040\000m\036\253\000u\000\040\000G\000a\000u\000s\000s\000i\000a\000n\000\040\000d\036\313\000\040\000h\001\260\036\333\000n\000g}{Outline4}% 30
\BOOKMARK [2][]{Outline4.27}{\376\377\000S\000A\000D\000G\000S\000\040\000B\0001\0003\000:\000\040\000S\000i\000\352\000u\000\040\000t\000h\000a\000m\000\040\000s\036\321\000\040\000\046\000\040\000l\036\313\000c\000h\000\040\000h\000u\036\245\000n\000\040\000l\000u\000y\036\307\000n\000\040\000t\000h\036\361\000c\000\040\000t\036\277}{Outline4}% 31
\BOOKMARK [2][]{Outline4.28}{\376\377\000S\000A\000D\000G\000S\000\040\000B\0001\0004\000:\000\040\000R\000a\000s\000t\000e\000r\000i\000z\000e\000r\000\040\000r\000i\000\352\000n\000g\000\040\000d\000i\000f\000f\000-\000g\000a\000u\000s\000s\000i\000a\000n\000-\000r\000a\000s\000t\000e\000r\000i\000z\000a\000t\000i\000o\000n\000\137\000s\000t\000r\000u\000c\000t\000g\000s}{Outline4}% 32
\BOOKMARK [2][]{Outline4.29}{\376\377\000S\000A\000D\000G\000S\000\040\000B\0001\0005\000:\000\040\000T\036\325\000n\000g\000\040\000h\036\343\000p\000\040\001\021\036\247\000u\000-\000c\000u\036\321\000i\000\040\040\024\000\040\000p\000i\000p\000e\000l\000i\000n\000e\000,\000\040\000s\000o\000\040\000s\000\341\000n\000h\000,\000\040\000c\000h\000i\000\040\000p\000h\000\355\000,\000\040\000r\036\347\000i\000\040\000r\000o}{Outline4}% 33
\BOOKMARK [1][]{Outline5}{\376\377\000S\000A\000D\000G\000S\000\040\040\024\000\040\001\020\000\340\000o\000\040\000s\000\342\000u\000\040\000c\000\364\000n\000g\000\040\000t\000h\036\351\000c}{}% 34
\BOOKMARK [2][]{Outline5.30}{\376\377\001\020\0001\0007\000a\000:\000\040\000S\000t\000r\000u\000c\000t\000u\000r\000e\000\040\000T\000e\000n\000s\000o\000r\000\040\040\024\000\040\000b\000a\000\040\000k\000h\000o\036\243\000n\000g\000\040\000t\000r\036\321\000n\000g\000\040\000b\036\261\000n\000g\000\040\000s\036\321\000\040\000l\000i\036\307\000u\000\040\000t\000h\036\255\000t}{Outline5}% 35
\BOOKMARK [2][]{Outline5.31}{\376\377\001\020\0001\0007\000b\000:\000\040\000M\000u\000l\000t\000i\000s\000c\000a\000l\000e\000\040\000v\0001\000/\000v\0002\000\040\040\024\000\040\000c\000h\000i\000\040\000p\000h\000\355\000,\000\040\001\021\036\331\000\040\000n\000h\036\241\000y\000\040\000r\000,\000p\000,\000\040\000k\000i\036\303\000m\000\040\000c\000h\036\351\000n\000g\000\040\001\021\036\263\000n\000g\000\040\000t\000h\036\351\000c}{Outline5}% 36
\BOOKMARK [2][]{Outline5.32}{\376\377\001\020\0001\0007\000c\000:\000\040\000\040\000w\000a\000v\000e\000l\000e\000n\000g\000t\000h\000\040\000v\000s\000\040\000p\000r\000o\000j\000e\000c\000t\000i\000o\000n\000\040\040\024\000\040\000b\036\245\000t\000\040\000b\000i\036\277\000n\000\040\000h\001\260\036\333\000n\000g\000,\000\040\000j\000i\000t\000t\000e\000r\000\040\000C\000h\000o\000l\000e\000s\000k\000y}{Outline5}% 37
\BOOKMARK [2][]{Outline5.33}{\376\377\001\020\0001\0007\000d\000:\000\040\000M\000u\000l\000t\000i\000v\000i\000e\000w\000\040\000C\000o\000n\000s\000i\000s\000t\000e\000n\000c\000y\000\040\040\024\000\040\000q\000u\036\371\000\040\001\021\036\241\000o\000\040\000r\000a\000t\000i\000o\000,\000\040\000b\036\245\000t\000\040\000b\000i\036\277\000n\000\040\001\021\036\331\000\040\000p\000h\000\342\000n\000\040\000g\000i\036\243\000i}{Outline5}% 38
\BOOKMARK [2][]{Outline5.34}{\376\377\001\020\0001\0007\000e\000:\000\040\000A\000n\000i\000s\000o\000t\000r\000o\000p\000i\000c\000\040\000S\000p\000l\000i\000t\000\040\040\024\000\040\000n\036\325\000\040\000N\000,\000\040\000s\000c\000a\000l\000e\000\137\000p\000o\000w\000e\000r\000,\000\040\000v\000\354\000\040\000s\000a\000o\000\040\0001\0002}{Outline5}% 39
\BOOKMARK [2][]{Outline5.35}{\376\377\001\020\0001\0007\000f\000:\000\040\000T\000o\000\340\000n\000\040\000c\036\243\000n\000h\000\040\040\024\000\040\000R\000E\000A\000D\000M\000E\000\040\000\040\000c\001\241\000\040\000c\000h\036\277\000,\000\040\000S\000A\000D\000-\000G\000S\000\040\000s\036\355\000a\000\040\000g\000\354\000\040\000c\036\347\000a\000\040\000A\000D\000C\000\040\000g\036\321\000c}{Outline5}% 40
\BOOKMARK [1][]{Outline6}{\376\377\000S\000A\000D\000G\000S\000\040\040\024\000\040\000C\000h\000i\000\040\000p\000h\000\355\000\040\000\046\000\040\000K\036\277\000t\000\040\000q\000u\036\243}{}% 41
\BOOKMARK [2][]{Outline6.36}{\376\377\000B\000a\000\040\001\021\000\362\000n\000\040\000b\036\251\000y\000\040\000t\001\003\000n\000g\000\040\000t\036\321\000c\000\040\000S\000A\000D\000G\000S\000\040\000\046\000\040\000m\000\364\000\040\000h\000\354\000n\000h\000\040\000c\000h\000i\000\040\000p\000h\000\355}{Outline6}% 42
\BOOKMARK [2][]{Outline6.37}{\376\377\000S\000A\000D\000G\000S\000:\000\040\000k\036\277\000t\000\040\000q\000u\036\243\000\040\000t\000h\036\361\000c\000\040\000n\000g\000h\000i\036\307\000m\000\040\000t\000r\000\352\000n\000\040\000C\000o\000l\000a\000b\000\040\000T\0004}{Outline6}% 43
\BOOKMARK [1][]{Outline7}{\376\377\000Q\000u\000a\000n\000\040\000s\000\341\000t\000\040\000\046\000\040\000K\036\277\000t\000\040\000l\000u\036\255\000n}{}% 44
\BOOKMARK [2][]{Outline7.38}{\376\377\000Q\000u\000a\000n\000\040\000s\000\341\000t\000\040\000\046\000\040\000K\036\277\000t\000\040\000l\000u\036\255\000n}{Outline7}% 45
